46307-7145
46062-6694
75056-2428
27502-8719
11201-6752
33027-5779
02043-3902
90004-3882
10011
33547-3956
34202
90803-1890
91423-4805
60618-9506
28590-1403
98177-2212
90815-3430
75039-1265
92116-4208
6725
90291-5854
10002-5581
78642-2266
94582-1448
20155-5950
33410-2970
90066-3507
V2B 0B6
76086-4583
92663-4351
49525-2573
11222-3107
85018-1902
90066-3507
90048-2420
T0M 1X0
22602-7912
30004-0537
01760-5569
60622
90066-3507
60068-4804
91042-2533
75063-0145
92025-4184
90405-4638
94087-5140
95123-4030
78626-4605
90066-3507
04038-2801
24970-8200
90066-3345
91344-5423
55441-3226
75056-4317
37179-2940
85718-7332
90066-3507
11211-2523
96815
80925-9477
33129
98122-4089
20008-3137
20016-2860
90039-1304
33165-6736
11558-1309
94110
07030-6499
90066-3507
43215-2182
V2C 4W1
20008-3137
98059-5616
90066-3507
98607
93535-2871
90066-3507
10023-3413
10003-2926
02135-7754
10022-2356
60605-3734
90046-4302
94550-6510
07731-1341
11751-4207
91193
92651-3911
60124-8823
10312
81657-4188
33132-1858
11743-2918
91302
43560-8520
32092-3266
30316
30214-4460
92028-9302
10024-1647
90066-3507
11104-3902
60487-6107
78640-2804
19118-3402
64086-9738
60605-3414
90066-3507
78702-3918
84103
78606-5934
44113-5827
98802-9370
90066-3507
92610-1901
90066-3507
90069-2866
N6L 1N3
31401-3274
11249
90066-3507
07006-5980
30319-1687
90066-3507
33175-4203
90066-3507
03253-4507
30309-4798
90701-4211
94941-1330
80528
10018-7044
3276
33165
11249-3181
92627-4602
90046-3709
02120-1604
33137-4675
01760-4560
33803-4607
32224-1610
17404
40515-4825
92660-4720
90066-3507
36693-2827
06824-2079
92037-5007
92024-1608
81147-9568
90402-1620
91354-2148
11216-4860
85213-1667
97215-1741
60654-8526
85260-5917
10001-2991
06281-3003
11249-1033
11558-1309
90250-2290
90066-3507
07030-6387
23238-3020
33160-2982
33410-5040
10011-6196
92880-3960
10002-4773
06705-2754
90293-7610
10013-4738
48348-5057
20003-3266
72758
33309-6273
07302-6595
60647-2043
33172-2383
29410-8576
90025
46250-1348
97405-1808
22031-4475
61350-4650
98136-1772
90004-4869
98034-2320
60622-4028
02446-2732
23220-5734
75206-6781
90066-3507
10601-3436
91345-1443
90745-3108
02122-2326
80204-4021
32204
90066-3507
90066-3507
68502-5010
11580-4132
92868-4833
78734-2651
92120-3472
43560-4483
46077-7705
18042-5342
33496-3831
76109
33301-2527
95123-3933
94578-2556
90732-2723
96821-1644
25526-9153
90712-3645
94589-2829
55904-3909
07047-6374
37210-3719
60614-1315
33445-3558
84124-1235
97701-6438
90250
11561-3173
07646-2025
80113-4761
63139-1010
30019-4663
02215
91355-3372
60091
98020-3007
90066-3507
72758-5252
98177-2905
90068-1518
30315-1842
70448-7412
75205-5562
84129-3249
90066-3507
33156-2693
90066-3507
90807-2376
99352-8726
81611
90293
77063-1906
V3K 1N1
30080-3675
3181
92626
07675-7054
92614-0111
90069-4009
60622-5564
90066-3507
23112-1329
21403-4624
95814-2043
77007-1297
33065-1924
90066-3507
43026-3512
90062-1919
90066-3507
60631-2629
90039-1411
11758-4421
90025-3412
17554-1065
85018-3710
70508-8062
90503-2814
11542-3328
L4N 7R1
77074-2825
72223-9704
91367-6706
23223-4308
33137-2674
41011-3611
60521-3926
78735-8027
60657-5980
10018-7053
33319-3902
39532-2001
16046-4652
A1E 6H3
77025-1115
90066-3507
98037-4900
90049-7220
33712-1040
90066-3507
30075-2998
20008-1563
92101-5966
94123-3408
02127-1831
11249-5836
29403-3016
90034-2031
90640-4021
23238-3020
92672-5140
60010-1875
90028-7486
10021-3738
90066-3507
10128-5392
85249-9739
07065-1833
32955-8074
80205-4038
10005-3148
94568
33139-4749
37204-2024
L3V 4B4
11249-5306
92010-5568
28761-6114
33179-2841
75206-6834
90277
90049-7326
92647-3105
27603-1668
90046-1849
33573-1203
83709-2385
07023-1420
78577-6022
92656
10018-6258
03842-1509
33130-2933
04083-1229
07410
V0X 1N4
96815-3934
98682
94561-2254
4101
29412-2246
68506-2448
94551-9240
01543-2059
78248-1619
92672
30316-3840
83616
11385-4616
90066-3507
60642-6024
10510-2105
10026-1430
23220-2637
10025-5134
28216
91942
90049-6135
81621-8320
07030-7307
90066-3507
97210-1947
37221-2524
92025-4184
43215
11211-6053
11215-4942
60654-6354
90066-3507
55418-3730
94526-5141
08108-1304
43212
90016-4329
33021
10011-6876
34737-5010
30307-5641
90066-3507
10075-2051
80026-1622
59715-5345
PG 05
77079-6608
02169-7083
20011-5582
M5R 3T8
90066-3507
30087-3931
11758-6729
80003-4961
77381-6631
P3Y 1H6
98126-3149
13104-9703
28204-3396
33132-2556
92649-1109
33143-5523
78721-1030
19130-2273
60611-0087
96701-4474
19034-1626
78626-4605
33190-2014
84037
43035-6038
60614-6573
06807-1824
85212-9227
89135-1094
92101
33133-3608
33704-3348
16648-3234
11102
44077
92008-3717
37215-3207
30308-3082
79424-7896
23220-1826
98107-5389
01760-3437
59715-3664
33435-8811
90036
94109-4726
94109-1228
06437-1635
33131-3938
90015-1489
10014-2216
46037-9584
90211-2138
32548-7219
98126-2744
11201-6560
34241-5205
14830-3754
80302-9640
77055
80124-6736
10580-1142
10016-6870
90066-3507
28211-1794
N0P 2B0
90250-6432
90275-0838
60614-4816
91208-2580
90066-3507
90066-3507
81147-9568
33137
28203-6782
19034-1626
90066-3507
90291-6441
90066-3507
07030-7307
90713-3210
85054-5625
04330-6829
33928-6489
30033-6045
75208-5442
28411-6021
75039-1265
92648-6866
34236-5125
90066-3507
78748-2430
90046-6017
37216-4323
92103-2321
08876-6119
78723-4817
89131-3100
95060-3618
91302-1222
60090-5156
30324-4141
47408-3609
90230-4417
90025-2066
07649-1702
72764-1377
32833
94502-7910
11221-8116
10009-9106
80852
K9H 7S1
13744-1319
28205-4532
75009-2189
90066-3507
78704-4159
37215-1811
T6M 1L5
22901-3170
63011-1699
02180-4606
77007-5121
98498-3031
90066-3507
N6L 1N3
37209-3225
15222-5726
89052-6420
10014-4704
91602-2243
77450-3822
75206-6648
80216-3865
28078-5030
10005-4221
44149-0918
44121
36535-3581
33606-2351
90066-3507
98682-2289
32459-7376
94611-5055
90066-3507
78702-5046
96730-9812
90066-3507
07022-1713
90066-3507
90066-3507
30080-4666
33156-2668
V1X 2R4
37215-4327
34209-4930
90066-3507
33141-5778
80205-4691
00966
85255-6038
14433-1332
90066-3507
11237-6789
90046-2117
91326-4949
52241-2233
10023-2850
10128-6219
75231-4719
37027-4035
90301-3209
30009-4406
20148-5795
80215-1319
90066-3507
30312-3127
08033-1044
60613-3399
64086-9738
30307-2475
98023
N0G 2N0
19128-2511
92625
90066-3507
90066-3507
93105-3920
73003
77007
37204-2024
11701-4225
78757-6937
98104-1584
94103
63112-1956
06405-5312
80439-7772
94115-3372
02066-1816
27607-4198
05255-9199
92118-2211
33131-2955
43215-3048
07030-4119
47546-0016
72223
43062-6010
90291-3525
90066-3507
90042-3037
90272-3231
38401-9517
78245
90712-3645
60506-4735
23224-1803
96756-8513
10019-3979
27607-6834
10804-3927
57702-4216
10075-0513
92223-3246
23320-4111
55446-1965
90066-3507
97223-4282
43215-2187
33131
33165-4273
92694-0620
60305-1137
33309-1026
37208-1513
94014-1405
60540-9451
94920-2238
92660-4720
75040-1092
M6R 0A9
10002-5581
29407-6553
75009
63108-3283
94105-1705
08816-1819
33901-8428
11211-4260
92117-4619
31313-8187
29349-7813
87400
92054-3713
92103-2110
92116-4165
90066-5430
90066-3507
90066-3507
43026-3512
92064-3346
92130-8709
66205-2029
33308-6031
89052-2920
19123-3579
94112-1640
11217-5135
80113-4003
92054
90501-4862
78572-4731
92037-5811
78704-4929
48306
33618-8416
60622-2639
85013
07756-1413
33304-2222
V7k 2L3
90066-3507
94115-1160
33165-6736
93105-2712
96816-3354
92614-0159
92122
27455-2224
78704-0395
13209-9517
90066-3507
33884-1292
93955-5921
10026-2804
95687
33160-7215
90019-1732
90034-1346
90004-2434
85024-6316
92037-6150
70115-1751
78253-6994
55423-3954
94123-1750
92009-7514
92117
92673-3542
76102-5992
32502-6505
91911-7023
95928-8960
60634-6432
33131-3678
33131
60605-3734
60605-3414
33572-2732
33704-3348
11561-5249
91206-2412
99301-3075
90066-3507
27244-8310
10017
10011-6417
91103-3686
94706-1604
22031-1700
90066-3507
01776-2509
73034-9388
92056-7231
93012-4135
18020-9791
00000
07726-5015
02130-2752
92071-5867
27610-8254
90006-2420
33496-3489
94526-3539
48640-4903
V2E 0B8
92104-1524
90066-3507
33040-7113
72764-1377
85284-3245
91040
93105-2712
30324-5104
92107-3827
02356-2702
92694-1025
92627-3604
23224-5301
93619-8743
90066-3507
60610-2028
90064-4109
95010-3955
45459-2931
92562
90069-4009
80204-1101
91773-1647
10023-7964
08045-1307
80130-8035
94040-1372
92026-2079
90026-6212
92673-3542
52003-7621
21601-8151
92116-3602
77433-4333
94123-1782
33701-4053
77018-7743
29403-3016
94121-1804
91361-5057
90292-5746
85251-4649
92868-4833
01930-3127
94952
55364
95070-4518
46307-7145
46062-6694
75056-2428
27502-8719
11201-6752
33027-5779
02043-3902
90004-3882
10011
33547-3956
34202
90803-1890
91423-4805
60618-9506
28590-1403
98177-2212
90815-3430
75039-1265
92116-4208
6725
90291-5854
10002-5581
78642-2266
94582-1448
20155-5950
33410-2970
90066-3507
V2B 0B6
76086-4583
92663-4351
49525-2573
11222-3107
85018-1902
90066-3507
90048-2420
T0M 1X0
22602-7912
30004-0537
01760-5569
60622
90066-3507
60068-4804
91042-2533
75063-0145
92025-4184
90405-4638
94087-5140
95123-4030
78626-4605
90066-3507
04038-2801
24970-8200
90066-3345
91344-5423
55441-3226
75056-4317
37179-2940
85718-7332
90066-3507
11211-2523
96815
80925-9477
33129
98122-4089
20008-3137
20016-2860
90039-1304
33165-6736
11558-1309
94110
07030-6499
90066-3507
43215-2182
V2C 4W1
20008-3137
98059-5616
90066-3507
98607
93535-2871
90066-3507
10023-3413
10003-2926
02135-7754
10022-2356
60605-3734
90046-4302
94550-6510
07731-1341
11751-4207
91193
92651-3911
60124-8823
10312
81657-4188
33132-1858
11743-2918
91302
43560-8520
32092-3266
30316
30214-4460
92028-9302
10024-1647
90066-3507
11104-3902
60487-6107
78640-2804
19118-3402
64086-9738
60605-3414
90066-3507
78702-3918
84103
78606-5934
44113-5827
98802-9370
90066-3507
92610-1901
90066-3507
90069-2866
N6L 1N3
31401-3274
11249
90066-3507
07006-5980
30319-1687
90066-3507
33175-4203
90066-3507
03253-4507
30309-4798
90701-4211
94941-1330
80528
10018-7044
3276
33165
11249-3181
92627-4602
90046-3709
02120-1604
33137-4675
01760-4560
33803-4607
32224-1610
17404
40515-4825
92660-4720
90066-3507
36693-2827
06824-2079
92037-5007
92024-1608
81147-9568
90402-1620
91354-2148
11216-4860
85213-1667
97215-1741
60654-8526
85260-5917
10001-2991
06281-3003
11249-1033
11558-1309
90250-2290
90066-3507
07030-6387
23238-3020
33160-2982
33410-5040
10011-6196
92880-3960
10002-4773
06705-2754
90293-7610
10013-4738
48348-5057
20003-3266
72758
33309-6273
07302-6595
60647-2043
33172-2383
29410-8576
90025
46250-1348
97405-1808
22031-4475
61350-4650
98136-1772
90004-4869
98034-2320
60622-4028
02446-2732
23220-5734
75206-6781
90066-3507
10601-3436
91345-1443
90745-3108
02122-2326
80204-4021
32204
90066-3507
90066-3507
68502-5010
11580-4132
92868-4833
78734-2651
92120-3472
43560-4483
46077-7705
18042-5342
33496-3831
76109
33301-2527
95123-3933
94578-2556
90732-2723
96821-1644
25526-9153
90712-3645
94589-2829
55904-3909
07047-6374
37210-3719
60614-1315
33445-3558
84124-1235
97701-6438
90250
11561-3173
07646-2025
80113-4761
63139-1010
30019-4663
02215
91355-3372
60091
98020-3007
90066-3507
72758-5252
98177-2905
90068-1518
30315-1842
70448-7412
75205-5562
84129-3249
90066-3507
33156-2693
90066-3507
90807-2376
99352-8726
81611
90293
77063-1906
V3K 1N1
30080-3675
3181
92626
07675-7054
92614-0111
90069-4009
60622-5564
90066-3507
23112-1329
21403-4624
95814-2043
77007-1297
33065-1924
90066-3507
43026-3512
90062-1919
90066-3507
60631-2629
90039-1411
11758-4421
90025-3412
17554-1065
85018-3710
70508-8062
90503-2814
11542-3328
L4N 7R1
77074-2825
72223-9704
91367-6706
23223-4308
33137-2674
41011-3611
60521-3926
78735-8027
60657-5980
10018-7053
33319-3902
39532-2001
16046-4652
A1E 6H3
77025-1115
90066-3507
98037-4900
90049-7220
33712-1040
90066-3507
30075-2998
20008-1563
92101-5966
94123-3408
02127-1831
11249-5836
29403-3016
90034-2031
90640-4021
23238-3020
92672-5140
60010-1875
90028-7486
10021-3738
90066-3507
10128-5392
85249-9739
07065-1833
32955-8074
80205-4038
10005-3148
94568
33139-4749
37204-2024
L3V 4B4
11249-5306
92010-5568
28761-6114
33179-2841
75206-6834
90277
90049-7326
92647-3105
27603-1668
90046-1849
33573-1203
83709-2385
07023-1420
78577-6022
92656
10018-6258
03842-1509
33130-2933
04083-1229
07410
V0X 1N4
96815-3934
98682
94561-2254
4101
29412-2246
68506-2448
94551-9240
01543-2059
78248-1619
92672
30316-3840
83616
11385-4616
90066-3507
60642-6024
10510-2105
10026-1430
23220-2637
10025-5134
28216
91942
90049-6135
81621-8320
07030-7307
90066-3507
97210-1947
37221-2524
92025-4184
43215
11211-6053
11215-4942
60654-6354
90066-3507
55418-3730
94526-5141
08108-1304
43212
90016-4329
33021
10011-6876
34737-5010
30307-5641
90066-3507
10075-2051
80026-1622
59715-5345
PG 05
77079-6608
02169-7083
20011-5582
M5R 3T8
90066-3507
30087-3931
11758-6729
80003-4961
77381-6631
P3Y 1H6
98126-3149
13104-9703
28204-3396
33132-2556
92649-1109
33143-5523
78721-1030
19130-2273
60611-0087
96701-4474
19034-1626
78626-4605
33190-2014
84037
43035-6038
60614-6573
06807-1824
85212-9227
89135-1094
92101
33133-3608
33704-3348
16648-3234
11102
44077
92008-3717
37215-3207
30308-3082
79424-7896
23220-1826
98107-5389
01760-3437
59715-3664
33435-8811
90036
94109-4726
94109-1228
06437-1635
33131-3938
90015-1489
10014-2216
46037-9584
90211-2138
32548-7219
98126-2744
11201-6560
34241-5205
14830-3754
80302-9640
77055
80124-6736
10580-1142
10016-6870
90066-3507
28211-1794
N0P 2B0
90250-6432
90275-0838
60614-4816
91208-2580
90066-3507
90066-3507
81147-9568
33137
28203-6782
19034-1626
90066-3507
90291-6441
90066-3507
07030-7307
90713-3210
85054-5625
04330-6829
33928-6489
30033-6045
75208-5442
28411-6021
75039-1265
92648-6866
34236-5125
90066-3507
78748-2430
90046-6017
37216-4323
92103-2321
08876-6119
78723-4817
89131-3100
95060-3618
91302-1222
60090-5156
30324-4141
47408-3609
90230-4417
90025-2066
07649-1702
72764-1377
32833
94502-7910
11221-8116
10009-9106
80852
K9H 7S1
13744-1319
28205-4532
75009-2189
90066-3507
78704-4159
37215-1811
T6M 1L5
22901-3170
63011-1699
02180-4606
77007-5121
98498-3031
90066-3507
N6L 1N3
37209-3225
15222-5726
89052-6420
10014-4704
91602-2243
77450-3822
75206-6648
80216-3865
28078-5030
10005-4221
44149-0918
44121
36535-3581
33606-2351
90066-3507
98682-2289
32459-7376
94611-5055
90066-3507
78702-5046
96730-9812
90066-3507
07022-1713
90066-3507
90066-3507
30080-4666
33156-2668
V1X 2R4
37215-4327
34209-4930
90066-3507
33141-5778
80205-4691
00966
85255-6038
14433-1332
90066-3507
11237-6789
90046-2117
91326-4949
52241-2233
10023-2850
10128-6219
75231-4719
37027-4035
90301-3209
30009-4406
20148-5795
80215-1319
90066-3507
30312-3127
08033-1044
60613-3399
64086-9738
30307-2475
98023
N0G 2N0
19128-2511
92625
90066-3507
90066-3507
93105-3920
73003
77007
37204-2024
11701-4225
78757-6937
98104-1584
94103
63112-1956
06405-5312
80439-7772
94115-3372
02066-1816
27607-4198
05255-9199
92118-2211
33131-2955
43215-3048
07030-4119
47546-0016
72223
43062-6010
90291-3525
90066-3507
90042-3037
90272-3231
38401-9517
78245
90712-3645
60506-4735
23224-1803
96756-8513
10019-3979
27607-6834
10804-3927
57702-4216
10075-0513
92223-3246
23320-4111
55446-1965
90066-3507
97223-4282
43215-2187
33131
33165-4273
92694-0620
60305-1137
33309-1026
37208-1513
94014-1405
60540-9451
94920-2238
92660-4720
75040-1092
M6R 0A9
10002-5581
29407-6553
75009
63108-3283
94105-1705
08816-1819
33901-8428
11211-4260
92117-4619
31313-8187
29349-7813
87400
92054-3713
92103-2110
92116-4165
90066-5430
90066-3507
90066-3507
43026-3512
92064-3346
92130-8709
66205-2029
33308-6031
89052-2920
19123-3579
94112-1640
11217-5135
80113-4003
92054
90501-4862
78572-4731
92037-5811
78704-4929
48306
33618-8416
60622-2639
85013
07756-1413
33304-2222
V7k 2L3
90066-3507
94115-1160
33165-6736
93105-2712
96816-3354
92614-0159
92122
27455-2224
78704-0395
13209-9517
90066-3507
33884-1292
93955-5921
10026-2804
95687
33160-7215
90019-1732
90034-1346
90004-2434
85024-6316
92037-6150
70115-1751
78253-6994
55423-3954
94123-1750
92009-7514
92117
92673-3542
76102-5992
32502-6505
91911-7023
95928-8960
60634-6432
33131-3678
33131
60605-3734
60605-3414
33572-2732
33704-3348
11561-5249
91206-2412
99301-3075
90066-3507
27244-8310
10017
10011-6417
91103-3686
94706-1604
22031-1700
90066-3507
01776-2509
73034-9388
92056-7231
93012-4135
18020-9791
00000
07726-5015
02130-2752
92071-5867
27610-8254
90006-2420
33496-3489
94526-3539
48640-4903
V2E 0B8
92104-1524
90066-3507
33040-7113
72764-1377
85284-3245
91040
93105-2712
30324-5104
92107-3827
02356-2702
92694-1025
92627-3604
23224-5301
93619-8743
90066-3507
60610-2028
90064-4109
95010-3955
45459-2931
92562
90069-4009
80204-1101
91773-1647
10023-7964
08045-1307
80130-8035
94040-1372
92026-2079
90026-6212
92673-3542
52003-7621
21601-8151
92116-3602
77433-4333
94123-1782
33701-4053
77018-7743
29403-3016
94121-1804
91361-5057
90292-5746
85251-4649
92868-4833
01930-3127
94952
55364
95070-4518
